// Jest Snapshot v1, https://goo.gl/fbAQLP

exports[`Pruebas sobre multiple custom hooks Debe mostrarse correctamente 1`] = `
<div>
  <h1>
    BreakingBad Quotes
  </h1>
  <hr />
  <div
    className="alert alert-info text-center"
  >
    Loading
  </div>
</div>
`;
